Archive member included to satisfy reference by file (symbol)

c:/mounriver/mounriver_studio/toolchain/risc-v embedded gcc/bin/../lib/gcc/riscv-none-embed/8.2.0/rv32ecxw/ilp32e\libgcc.a(divsf3.o)
                              ./User/main.o (__divsf3)
c:/mounriver/mounriver_studio/toolchain/risc-v embedded gcc/bin/../lib/gcc/riscv-none-embed/8.2.0/rv32ecxw/ilp32e\libgcc.a(mulsf3.o)
                              ./User/main.o (__mulsf3)
c:/mounriver/mounriver_studio/toolchain/risc-v embedded gcc/bin/../lib/gcc/riscv-none-embed/8.2.0/rv32ecxw/ilp32e\libgcc.a(subsf3.o)
                              ./HAL/DS18B20_HAL/DS18B20_HAL.o (__subsf3)
c:/mounriver/mounriver_studio/toolchain/risc-v embedded gcc/bin/../lib/gcc/riscv-none-embed/8.2.0/rv32ecxw/ilp32e\libgcc.a(fixunssfsi.o)
                              ./User/main.o (__fixunssfsi)
c:/mounriver/mounriver_studio/toolchain/risc-v embedded gcc/bin/../lib/gcc/riscv-none-embed/8.2.0/rv32ecxw/ilp32e\libgcc.a(floatsisf.o)
                              ./HAL/DS18B20_HAL/DS18B20_HAL.o (__floatsisf)
c:/mounriver/mounriver_studio/toolchain/risc-v embedded gcc/bin/../lib/gcc/riscv-none-embed/8.2.0/rv32ecxw/ilp32e\libgcc.a(floatunsisf.o)
                              ./User/main.o (__floatunsisf)
c:/mounriver/mounriver_studio/toolchain/risc-v embedded gcc/bin/../lib/gcc/riscv-none-embed/8.2.0/rv32ecxw/ilp32e\libgcc.a(save-restore.o)
                              ./User/main.o (__riscv_save_2)
c:/mounriver/mounriver_studio/toolchain/risc-v embedded gcc/bin/../lib/gcc/riscv-none-embed/8.2.0/rv32ecxw/ilp32e\libgcc.a(muldi3.o)
                              ./Debug/debug.o (__mulsi3)
c:/mounriver/mounriver_studio/toolchain/risc-v embedded gcc/bin/../lib/gcc/riscv-none-embed/8.2.0/rv32ecxw/ilp32e\libgcc.a(div.o)
                              ./Peripheral/src/ch32v00x_usart.o (__divsi3)
c:/mounriver/mounriver_studio/toolchain/risc-v embedded gcc/bin/../lib/gcc/riscv-none-embed/8.2.0/rv32ecxw/ilp32e\libgcc.a(_clzsi2.o)
                              c:/mounriver/mounriver_studio/toolchain/risc-v embedded gcc/bin/../lib/gcc/riscv-none-embed/8.2.0/rv32ecxw/ilp32e\libgcc.a(divsf3.o) (__clzsi2)
c:/mounriver/mounriver_studio/toolchain/risc-v embedded gcc/bin/../lib/gcc/riscv-none-embed/8.2.0/rv32ecxw/ilp32e\libgcc.a(_clz.o)
                              c:/mounriver/mounriver_studio/toolchain/risc-v embedded gcc/bin/../lib/gcc/riscv-none-embed/8.2.0/rv32ecxw/ilp32e\libgcc.a(_clzsi2.o) (__clz_tab)
c:/mounriver/mounriver_studio/toolchain/risc-v embedded gcc/bin/../lib/gcc/riscv-none-embed/8.2.0/../../../../riscv-none-embed/lib/rv32ecxw/ilp32e\libg_nano.a(lib_a-memcpy.o)
                              ./User/main.o (memcpy)
c:/mounriver/mounriver_studio/toolchain/risc-v embedded gcc/bin/../lib/gcc/riscv-none-embed/8.2.0/../../../../riscv-none-embed/lib/rv32ecxw/ilp32e\libg_nano.a(lib_a-memset.o)
                              ./User/main.o (memset)

Discarded input sections

 .text          0x0000000000000000        0x0 ./User/ch32v00x_it.o
 .data          0x0000000000000000        0x0 ./User/ch32v00x_it.o
 .bss           0x0000000000000000        0x0 ./User/ch32v00x_it.o
 .text          0x0000000000000000        0x0 ./User/main.o
 .data          0x0000000000000000        0x0 ./User/main.o
 .bss           0x0000000000000000        0x0 ./User/main.o
 .text          0x0000000000000000        0x0 ./User/system_ch32v00x.o
 .data          0x0000000000000000        0x0 ./User/system_ch32v00x.o
 .bss           0x0000000000000000        0x0 ./User/system_ch32v00x.o
 .text          0x0000000000000000        0x0 ./Startup/startup_ch32v00x.o
 .data          0x0000000000000000        0x0 ./Startup/startup_ch32v00x.o
 .bss           0x0000000000000000        0x0 ./Startup/startup_ch32v00x.o
 .text          0x0000000000000000        0x0 ./Peripheral/src/ch32v00x_adc.o
 .data          0x0000000000000000        0x0 ./Peripheral/src/ch32v00x_adc.o
 .bss           0x0000000000000000        0x0 ./Peripheral/src/ch32v00x_adc.o
 .text.ADC_StructInit
                0x0000000000000000       0x1a ./Peripheral/src/ch32v00x_adc.o
 .text.ADC_DMACmd
                0x0000000000000000       0x12 ./Peripheral/src/ch32v00x_adc.o
 .text.ADC_ITConfig
                0x0000000000000000       0x16 ./Peripheral/src/ch32v00x_adc.o
 .text.ADC_SoftwareStartConvCmd
                0x0000000000000000       0x18 ./Peripheral/src/ch32v00x_adc.o
 .text.ADC_GetSoftwareStartConvStatus
                0x0000000000000000        0x8 ./Peripheral/src/ch32v00x_adc.o
 .text.ADC_DiscModeCmd
                0x0000000000000000       0x1a ./Peripheral/src/ch32v00x_adc.o
 .text.ADC_RegularChannelConfig
                0x0000000000000000       0xba ./Peripheral/src/ch32v00x_adc.o
 .text.ADC_ExternalTrigConvCmd
                0x0000000000000000       0x18 ./Peripheral/src/ch32v00x_adc.o
 .text.ADC_GetConversionValue
                0x0000000000000000        0x8 ./Peripheral/src/ch32v00x_adc.o
 .text.ADC_AutoInjectedConvCmd
[...]
Memory Configuration

Name             Origin             Length             Attributes
FLASH            0x0000000000000000 0x0000000000004000 xr
RAM              0x0000000020000000 0x0000000000000800 xrw
*default*        0x0000000000000000 0xffffffffffffffff

Linker script and memory map

LOAD ./User/ch32v00x_it.o
LOAD ./User/main.o
LOAD ./User/system_ch32v00x.o
LOAD ./Startup/startup_ch32v00x.o
LOAD ./Peripheral/src/ch32v00x_adc.o
LOAD ./Peripheral/src/ch32v00x_dbgmcu.o
LOAD ./Peripheral/src/ch32v00x_dma.o
LOAD ./Peripheral/src/ch32v00x_exti.o
LOAD ./Peripheral/src/ch32v00x_flash.o
LOAD ./Peripheral/src/ch32v00x_gpio.o
LOAD ./Peripheral/src/ch32v00x_i2c.o
LOAD ./Peripheral/src/ch32v00x_iwdg.o
LOAD ./Peripheral/src/ch32v00x_misc.o
LOAD ./Peripheral/src/ch32v00x_opa.o
LOAD ./Peripheral/src/ch32v00x_pwr.o
LOAD ./Peripheral/src/ch32v00x_rcc.o
LOAD ./Peripheral/src/ch32v00x_spi.o
LOAD ./Peripheral/src/ch32v00x_tim.o
LOAD ./Peripheral/src/ch32v00x_usart.o
LOAD ./Peripheral/src/ch32v00x_wwdg.o
LOAD ./HAL/RS485_SLAVE_HAL/RS485_SLAVE_HAL.o
LOAD ./HAL/RS485_HAL/RS485_HAL.o
LOAD ./HAL/ONEWIRE_HAL/ONEWIRE_HAL.o
LOAD ./HAL/DS18B20_HAL/DS18B20_HAL.o
LOAD ./Debug/debug.o
LOAD ./Core/core_riscv.o
LOAD c:/mounriver/mounriver_studio/toolchain/risc-v embedded gcc/bin/../lib/gcc/riscv-none-embed/8.2.0/../../../../riscv-none-embed/lib/rv32ecxw/ilp32e\libprintf.a
LOAD c:/mounriver/mounriver_studio/toolchain/risc-v embedded gcc/bin/../lib/gcc/riscv-none-embed/8.2.0/rv32ecxw/ilp32e\libgcc.a
LOAD c:/mounriver/mounriver_studio/toolchain/risc-v embedded gcc/bin/../lib/gcc/riscv-none-embed/8.2.0/../../../../riscv-none-embed/lib/rv32ecxw/ilp32e\libg_nano.a
LOAD c:/mounriver/mounriver_studio/toolchain/risc-v embedded gcc/bin/../lib/gcc/riscv-none-embed/8.2.0/../../../../riscv-none-embed/lib/rv32ecxw/ilp32e\libc_nano.a
LOAD c:/mounriver/mounriver_studio/toolchain/risc-v embedded gcc/bin/../lib/gcc/riscv-none-embed/8.2.0/rv32ecxw/ilp32e\libgcc.a
START GROUP
LOAD c:/mounriver/mounriver_studio/toolchain/risc-v embedded gcc/bin/../lib/gcc/riscv-none-embed/8.2.0/rv32ecxw/ilp32e\libgcc.a
LOAD c:/mounriver/mounriver_studio/toolchain/risc-v embedded gcc/bin/../lib/gcc/riscv-none-embed/8.2.0/../../../../riscv-none-embed/lib/rv32ecxw/ilp32e\libc_nano.a
LOAD c:/mounriver/mounriver_studio/toolchain/risc-v embedded gcc/bin/../lib/gcc/riscv-none-embed/8.2.0/../../../../riscv-none-embed/lib/rv32ecxw/ilp32e\libnosys.a
END GROUP
START GROUP
LOAD c:/mounriver/mounriver_studio/toolchain/risc-v embedded gcc/bin/../lib/gcc/riscv-none-embed/8.2.0/rv32ecxw/ilp32e\libgcc.a
LOAD c:/mounriver/mounriver_studio/toolchain/risc-v embedded gcc/bin/../lib/gcc/riscv-none-embed/8.2.0/../../../../riscv-none-embed/lib/rv32ecxw/ilp32e\libc_nano.a
LOAD c:/mounriver/mounriver_studio/toolchain/risc-v embedded gcc/bin/../lib/gcc/riscv-none-embed/8.2.0/../../../../riscv-none-embed/lib/rv32ecxw/ilp32e\libnosys.a
END GROUP
                0x0000000000000100                __stack_size = 0x100
                [!provide]                        PROVIDE (_stack_size = __stack_size)

.init           0x0000000000000000       0xa0
                0x0000000000000000                _sinit = .
                0x0000000000000000                . = ALIGN (0x4)
 *(SORT_NONE(.init))
 .init          0x0000000000000000       0x9e ./Startup/startup_ch32v00x.o
                0x0000000000000000                _start
                0x00000000000000a0                . = ALIGN (0x4)
 *fill*         0x000000000000009e        0x2 
                0x00000000000000a0                _einit = .

.text           0x00000000000000a0     0x26fc
                0x00000000000000a0                . = ALIGN (0x4)
 *(.text)
 .text          0x00000000000000a0       0x14 c:/mounriver/mounriver_studio/toolchain/risc-v embedded gcc/bin/../lib/gcc/riscv-none-embed/8.2.0/rv32ecxw/ilp32e\libgcc.a(save-restore.o)
                0x00000000000000a0                __riscv_save_1
                0x00000000000000a0                __riscv_save_2
                0x00000000000000a0                __riscv_save_0
                0x00000000000000aa                __riscv_restore_0
                0x00000000000000aa                __riscv_restore_1
                0x00000000000000aa                __riscv_restore_2
 .text          0x00000000000000b4       0x16 c:/mounriver/mounriver_studio/toolchain/risc-v embedded gcc/bin/../lib/gcc/riscv-none-embed/8.2.0/rv32ecxw/ilp32e\libgcc.a(muldi3.o)
                0x00000000000000b4                __mulsi3
 *fill*         0x00000000000000ca        0x2 
 .text          0x00000000000000cc       0x7e c:/mounriver/mounriver_studio/toolchain/risc-v embedded gcc/bin/../lib/gcc/riscv-none-embed/8.2.0/rv32ecxw/ilp32e\libgcc.a(div.o)
                0x00000000000000cc                __divsi3
                0x00000000000000d4                __udivsi3
                0x0000000000000100                __umodsi3
                0x0000000000000124                __modsi3
 .text          0x000000000000014a       0xa8 c:/mounriver/mounriver_studio/toolchain/risc-v embedded gcc/bin/../lib/gcc/riscv-none-embed/8.2.0/../../../../riscv-none-embed/lib/rv32ecxw/ilp32e\libg_nano.a(lib_a-memset.o)
                0x000000000000014a                memset
 *(.text.*)
 .text.NMI_Handler
                0x00000000000001f2        0x2 ./User/ch32v00x_it.o
                0x00000000000001f2                NMI_Handler
 .text.HardFault_Handler
                0x00000000000001f4        0x2 ./User/ch32v00x_it.o
                0x00000000000001f4                HardFault_Handler
 .text.ADC_Function_Init
                0x00000000000001f6       0xe4 ./User/main.o
                0x00000000000001f6                ADC_Function_Init
 .text.TIM1_PWM_In
                0x00000000000002da       0xb8 ./User/main.o
                0x00000000000002da                TIM1_PWM_In
 .text.Shutdown_Device
                0x0000000000000392       0xae ./User/main.o
                0x0000000000000392                Shutdown_Device
 .text.startup.main
                0x0000000000000440      0x3ea ./User/main.o
                0x0000000000000440                main
 .text.SystemInit
                0x000000000000082a      0x134 ./User/system_ch32v00x.o
                0x000000000000082a                SystemInit
 .text.SystemCoreClockUpdate
                0x000000000000095e       0x6c ./User/system_ch32v00x.o
                0x000000000000095e                SystemCoreClockUpdate
 .text.vector_handler
                0x00000000000009ca        0x2 ./Startup/startup_ch32v00x.o
                0x00000000000009ca                TIM1_CC_IRQHandler
                0x00000000000009ca                SysTick_Handler
                0x00000000000009ca                PVD_IRQHandler
                0x00000000000009ca                SPI1_IRQHandler
                0x00000000000009ca                AWU_IRQHandler
                0x00000000000009ca                EXTI7_0_IRQHandler
                0x00000000000009ca                DMA1_Channel4_IRQHandler
                0x00000000000009ca                ADC1_IRQHandler
                0x00000000000009ca                DMA1_Channel7_IRQHandler
                0x00000000000009ca                I2C1_EV_IRQHandler
                0x00000000000009ca                DMA1_Channel6_IRQHandler
                0x00000000000009ca                RCC_IRQHandler
                0x00000000000009ca                TIM1_TRG_COM_IRQHandler
                0x00000000000009ca                DMA1_Channel1_IRQHandler
                0x00000000000009ca                DMA1_Channel5_IRQHandler
                0x00000000000009ca                DMA1_Channel3_IRQHandler
                0x00000000000009ca                TIM1_UP_IRQHandler
                0x00000000000009ca                WWDG_IRQHandler
                0x00000000000009ca                TIM2_IRQHandler
                0x00000000000009ca                SW_Handler
                0x00000000000009ca                TIM1_BRK_IRQHandler
                0x00000000000009ca                DMA1_Channel2_IRQHandler
                0x00000000000009ca                FLASH_IRQHandler
                0x00000000000009ca                I2C1_ER_IRQHandler
 .text.handle_reset
                0x00000000000009cc       0x88 ./Startup/startup_ch32v00x.o
                0x00000000000009cc                handle_reset
 .text.ADC_DeInit
                0x0000000000000a54       0x26 ./Peripheral/src/ch32v00x_adc.o
                0x0000000000000a54                ADC_DeInit
 .text.ADC_Init
                0x0000000000000a7a       0x4e ./Peripheral/src/ch32v00x_adc.o
                0x0000000000000a7a                ADC_Init
 .text.ADC_Cmd  0x0000000000000ac8       0x10 ./Peripheral/src/ch32v00x_adc.o
                0x0000000000000ac8                ADC_Cmd
 .text.ADC_ResetCalibration
                0x0000000000000ad8        0xa ./Peripheral/src/ch32v00x_adc.o
                0x0000000000000ad8                ADC_ResetCalibration
 .text.ADC_GetResetCalibrationStatus
                0x0000000000000ae2        0x8 ./Peripheral/src/ch32v00x_adc.o
                0x0000000000000ae2                ADC_GetResetCalibrationStatus
 .text.ADC_StartCalibration
                0x0000000000000aea        0xa ./Peripheral/src/ch32v00x_adc.o
                0x0000000000000aea                ADC_StartCalibration
 .text.ADC_GetCalibrationStatus
                0x0000000000000af4        0x8 ./Peripheral/src/ch32v00x_adc.o
                0x0000000000000af4                ADC_GetCalibrationStatus
 .text.ADC_DiscModeChannelCountConfig
                0x0000000000000afc       0x12 ./Peripheral/src/ch32v00x_adc.o
                0x0000000000000afc                ADC_DiscModeChannelCountConfig
 .text.ADC_InjectedDiscModeCmd
                0x0000000000000b0e       0x14 ./Peripheral/src/ch32v00x_adc.o
                0x0000000000000b0e                ADC_InjectedDiscModeCmd
 .text.ADC_ExternalTrigInjectedConvCmd
                0x0000000000000b22       0x14 ./Peripheral/src/ch32v00x_adc.o
                0x0000000000000b22                ADC_ExternalTrigInjectedConvCmd
 .text.ADC_InjectedChannelConfig
                0x0000000000000b36       0x7a ./Peripheral/src/ch32v00x_adc.o
                0x0000000000000b36                ADC_InjectedChannelConfig
 .text.ADC_InjectedSequencerLengthConfig
                0x0000000000000bb0       0x14 ./Peripheral/src/ch32v00x_adc.o
                0x0000000000000bb0                ADC_InjectedSequencerLengthConfig
 .text.ADC_GetFlagStatus
                0x0000000000000bc4        0xa ./Peripheral/src/ch32v00x_adc.o
                0x0000000000000bc4                ADC_GetFlagStatus
 .text.ADC_ClearFlag
                0x0000000000000bce        0x8 ./Peripheral/src/ch32v00x_adc.o
                0x0000000000000bce                ADC_ClearFlag
 .text.ADC_Calibration_Vol
                0x0000000000000bd6       0x14 ./Peripheral/src/ch32v00x_adc.o
                0x0000000000000bd6                ADC_Calibration_Vol
 .text.GPIO_Init
                0x0000000000000bea       0xd6 ./Peripheral/src/ch32v00x_gpio.o
                0x0000000000000bea                GPIO_Init
 .text.GPIO_ReadInputDataBit
                0x0000000000000cc0        0xa ./Peripheral/src/ch32v00x_gpio.o
                0x0000000000000cc0                GPIO_ReadInputDataBit
 .text.GPIO_WriteBit
                0x0000000000000cca        0xa ./Peripheral/src/ch32v00x_gpio.o
                0x0000000000000cca                GPIO_WriteBit
 .text.GPIO_PinRemapConfig
                0x0000000000000cd4       0xc4 ./Peripheral/src/ch32v00x_gpio.o
                0x0000000000000cd4                GPIO_PinRemapConfig
 .text.NVIC_Init
                0x0000000000000d98       0x54 ./Peripheral/src/ch32v00x_misc.o
                0x0000000000000d98                NVIC_Init
 .text.PWR_AutoWakeUpCmd
                0x0000000000000dec       0x14 ./Peripheral/src/ch32v00x_pwr.o
                0x0000000000000dec                PWR_AutoWakeUpCmd
 .text.PWR_EnterSTANDBYMode
                0x0000000000000e00       0x82 ./Peripheral/src/ch32v00x_pwr.o
                0x0000000000000e00                PWR_EnterSTANDBYMode
 .text.RCC_AdjustHSICalibrationValue
                0x0000000000000e82       0x12 ./Peripheral/src/ch32v00x_rcc.o
                0x0000000000000e82                RCC_AdjustHSICalibrationValue
 .text.RCC_ADCCLKConfig
                0x0000000000000e94       0x14 ./Peripheral/src/ch32v00x_rcc.o
                0x0000000000000e94                RCC_ADCCLKConfig
 .text.RCC_LSICmd
                0x0000000000000ea8       0x14 ./Peripheral/src/ch32v00x_rcc.o
                0x0000000000000ea8                RCC_LSICmd
 .text.RCC_GetClocksFreq
                0x0000000000000ebc       0x9c ./Peripheral/src/ch32v00x_rcc.o
                0x0000000000000ebc                RCC_GetClocksFreq
 .text.RCC_APB2PeriphClockCmd
                0x0000000000000f58       0x1e ./Peripheral/src/ch32v00x_rcc.o
                0x0000000000000f58                RCC_APB2PeriphClockCmd
 .text.RCC_APB1PeriphClockCmd
                0x0000000000000f76       0x1e ./Peripheral/src/ch32v00x_rcc.o
                0x0000000000000f76                RCC_APB1PeriphClockCmd
 .text.RCC_APB2PeriphResetCmd
                0x0000000000000f94       0x1e ./Peripheral/src/ch32v00x_rcc.o
                0x0000000000000f94                RCC_APB2PeriphResetCmd
 .text.RCC_GetFlagStatus
                0x0000000000000fb2       0x20 ./Peripheral/src/ch32v00x_rcc.o
                0x0000000000000fb2                RCC_GetFlagStatus
 .text.TIM_TimeBaseInit
                0x0000000000000fd2       0x4e ./Peripheral/src/ch32v00x_tim.o
                0x0000000000000fd2                TIM_TimeBaseInit
 .text.TIM_OC3Init
                0x0000000000001020       0x94 ./Peripheral/src/ch32v00x_tim.o
                0x0000000000001020                TIM_OC3Init
 .text.TIM_Cmd  0x00000000000010b4       0x18 ./Peripheral/src/ch32v00x_tim.o
                0x00000000000010b4                TIM_Cmd
 .text.TIM_CtrlPWMOutputs
                0x00000000000010cc       0x16 ./Peripheral/src/ch32v00x_tim.o
                0x00000000000010cc                TIM_CtrlPWMOutputs
 .text.TIM_ARRPreloadConfig
                0x00000000000010e2       0x1a ./Peripheral/src/ch32v00x_tim.o
                0x00000000000010e2                TIM_ARRPreloadConfig
 .text.TIM_OC3PreloadConfig
                0x00000000000010fc        0xe ./Peripheral/src/ch32v00x_tim.o
                0x00000000000010fc                TIM_OC3PreloadConfig
 .text.TIM_SelectOutputTrigger
                0x000000000000110a       0x18 ./Peripheral/src/ch32v00x_tim.o
                0x000000000000110a                TIM_SelectOutputTrigger
 .text.USART_DeInit
                0x0000000000001122       0x22 ./Peripheral/src/ch32v00x_usart.o
                0x0000000000001122                USART_DeInit
 .text.USART_Init
                0x0000000000001144       0xcc ./Peripheral/src/ch32v00x_usart.o
                0x0000000000001144                USART_Init
 .text.USART_Cmd
                0x0000000000001210       0x16 ./Peripheral/src/ch32v00x_usart.o
                0x0000000000001210                USART_Cmd
 .text.USART_ITConfig
                0x0000000000001226       0x36 ./Peripheral/src/ch32v00x_usart.o
                0x0000000000001226                USART_ITConfig
 .text.USART_SendData
                0x000000000000125c        0x8 ./Peripheral/src/ch32v00x_usart.o
                0x000000000000125c                USART_SendData
 .text.USART_ReceiveData
                0x0000000000001264        0x8 ./Peripheral/src/ch32v00x_usart.o
                0x0000000000001264                USART_ReceiveData
 .text.USART_GetFlagStatus
                0x000000000000126c        0xa ./Peripheral/src/ch32v00x_usart.o
                0x000000000000126c                USART_GetFlagStatus
 .text.USART_GetITStatus
                0x0000000000001276       0x3c ./Peripheral/src/ch32v00x_usart.o
                0x0000000000001276                USART_GetITStatus
 .text.Generate_CRC
                0x00000000000012b2       0x40 ./HAL/RS485_SLAVE_HAL/RS485_SLAVE_HAL.o
                0x00000000000012b2                Generate_CRC
 .text.RS485_Slave_Respone
                0x00000000000012f2       0x84 ./HAL/RS485_SLAVE_HAL/RS485_SLAVE_HAL.o
                0x00000000000012f2                RS485_Slave_Respone
 .text.CRC_Check
                0x0000000000001376       0x2c ./HAL/RS485_SLAVE_HAL/RS485_SLAVE_HAL.o
                0x0000000000001376                CRC_Check
 .text.RS485_Init
                0x00000000000013a2      0x216 ./HAL/RS485_HAL/RS485_HAL.o
                0x00000000000013a2                RS485_Init
 .text.RS485_Change_Baudrate
                0x00000000000015b8       0x2a ./HAL/RS485_HAL/RS485_HAL.o
                0x00000000000015b8                RS485_Change_Baudrate
 .text.RS485_Send_Mode
                0x00000000000015e2       0x24 ./HAL/RS485_HAL/RS485_HAL.o
                0x00000000000015e2                RS485_Send_Mode
 .text.RS485_Receive_Mode
                0x0000000000001606       0x24 ./HAL/RS485_HAL/RS485_HAL.o
                0x0000000000001606                RS485_Receive_Mode
 .text.Send_RS485_Data
                0x000000000000162a       0x4a ./HAL/RS485_HAL/RS485_HAL.o
                0x000000000000162a                Send_RS485_Data
 .text.USART1_IRQHandler
                0x0000000000001674       0x72 ./HAL/RS485_HAL/RS485_HAL.o
                0x0000000000001674                USART1_IRQHandler
 .text._onewire_wait_for_bus
                0x00000000000016e6       0x4c ./HAL/ONEWIRE_HAL/ONEWIRE_HAL.o
 .text._onewire_read_bit
                0x0000000000001732       0x42 ./HAL/ONEWIRE_HAL/ONEWIRE_HAL.o
 .text.setup_pin
                0x0000000000001774       0x30 ./HAL/ONEWIRE_HAL/ONEWIRE_HAL.o
 .text._onewire_write_bit
                0x00000000000017a4       0x5e ./HAL/ONEWIRE_HAL/ONEWIRE_HAL.o
 .text.onewire_init
                0x0000000000001802       0x32 ./HAL/ONEWIRE_HAL/ONEWIRE_HAL.o
                0x0000000000001802                onewire_init
 .text.onewire_reset
                0x0000000000001834       0x5c ./HAL/ONEWIRE_HAL/ONEWIRE_HAL.o
                0x0000000000001834                onewire_reset
 .text.onewire_write
                0x0000000000001890       0x2c ./HAL/ONEWIRE_HAL/ONEWIRE_HAL.o
                0x0000000000001890                onewire_write
 .text.onewire_read
                0x00000000000018bc       0x30 ./HAL/ONEWIRE_HAL/ONEWIRE_HAL.o
                0x00000000000018bc                onewire_read
 .text.onewire_select
                0x00000000000018ec       0x3e ./HAL/ONEWIRE_HAL/ONEWIRE_HAL.o
                0x00000000000018ec                onewire_select
 .text.onewire_skip_rom
                0x000000000000192a        0xe ./HAL/ONEWIRE_HAL/ONEWIRE_HAL.o
                0x000000000000192a                onewire_skip_rom
 .text.onewire_power
                0x0000000000001938       0x24 ./HAL/ONEWIRE_HAL/ONEWIRE_HAL.o
                0x0000000000001938                onewire_power
 .text.onewire_depower
                0x000000000000195c        0xc ./HAL/ONEWIRE_HAL/ONEWIRE_HAL.o
                0x000000000000195c                onewire_depower
 .text.onewire_search_start
                0x0000000000001968       0x10 ./HAL/ONEWIRE_HAL/ONEWIRE_HAL.o
                0x0000000000001968                onewire_search_start
 .text.onewire_search_internal
                0x0000000000001978      0x11c ./HAL/ONEWIRE_HAL/ONEWIRE_HAL.o
                0x0000000000001978                onewire_search_internal
 .text.onewire_search
                0x0000000000001a94        0xe ./HAL/ONEWIRE_HAL/ONEWIRE_HAL.o
                0x0000000000001a94                onewire_search
 .text.onewire_crc8
                0x0000000000001aa2       0x2e ./HAL/ONEWIRE_HAL/ONEWIRE_HAL.o
                0x0000000000001aa2                onewire_crc8
 .text.ds18x20_init
                0x0000000000001ad0        0xa ./HAL/DS18B20_HAL/DS18B20_HAL.o
                0x0000000000001ad0                ds18x20_init
 .text.ds18x20_scan_devices
                0x0000000000001ada       0x70 ./HAL/DS18B20_HAL/DS18B20_HAL.o
                0x0000000000001ada                ds18x20_scan_devices
 .text.ds18x20_measure
                0x0000000000001b4a       0x44 ./HAL/DS18B20_HAL/DS18B20_HAL.o
                0x0000000000001b4a                ds18x20_measure
 .text.ds18x20_read_scratchpad
                0x0000000000001b8e       0x66 ./HAL/DS18B20_HAL/DS18B20_HAL.o
                0x0000000000001b8e                ds18x20_read_scratchpad
 .text.ds18b20_read_temperature
                0x0000000000001bf4       0x4e ./HAL/DS18B20_HAL/DS18B20_HAL.o
                0x0000000000001bf4                ds18b20_read_temperature
 .text.ds18b20_measure_and_read
                0x0000000000001c42       0x20 ./HAL/DS18B20_HAL/DS18B20_HAL.o
                0x0000000000001c42                ds18b20_measure_and_read
 .text.Delay_Init
                0x0000000000001c62       0x34 ./Debug/debug.o
                0x0000000000001c62                Delay_Init
 .text.Delay_Us
                0x0000000000001c96       0x3a ./Debug/debug.o
                0x0000000000001c96                Delay_Us
 .text.Delay_Ms
                0x0000000000001cd0       0x3a ./Debug/debug.o
                0x0000000000001cd0                Delay_Ms
 .text.__divsf3
                0x0000000000001d0a      0x30a c:/mounriver/mounriver_studio/toolchain/risc-v embedded gcc/bin/../lib/gcc/riscv-none-embed/8.2.0/rv32ecxw/ilp32e\libgcc.a(divsf3.o)
                0x0000000000001d0a                __divsf3
 .text.__mulsf3
                0x0000000000002014      0x290 c:/mounriver/mounriver_studio/toolchain/risc-v embedded gcc/bin/../lib/gcc/riscv-none-embed/8.2.0/rv32ecxw/ilp32e\libgcc.a(mulsf3.o)
                0x0000000000002014                __mulsf3
 .text.__fixunssfsi
                0x00000000000022a4       0x56 c:/mounriver/mounriver_studio/toolchain/risc-v embedded gcc/bin/../lib/gcc/riscv-none-embed/8.2.0/rv32ecxw/ilp32e\libgcc.a(fixunssfsi.o)
                0x00000000000022a4                __fixunssfsi
 .text.__floatsisf
                0x00000000000022fa       0xc6 c:/mounriver/mounriver_studio/toolchain/risc-v embedded gcc/bin/../lib/gcc/riscv-none-embed/8.2.0/rv32ecxw/ilp32e\libgcc.a(floatsisf.o)
                0x00000000000022fa                __floatsisf
 .text.__floatunsisf
                0x00000000000023c0       0xce c:/mounriver/mounriver_studio/toolchain/risc-v embedded gcc/bin/../lib/gcc/riscv-none-embed/8.2.0/rv32ecxw/ilp32e\libgcc.a(floatunsisf.o)
                0x00000000000023c0                __floatunsisf
 .text.__clzsi2
                0x000000000000248e       0x6e c:/mounriver/mounriver_studio/toolchain/risc-v embedded gcc/bin/../lib/gcc/riscv-none-embed/8.2.0/rv32ecxw/ilp32e\libgcc.a(_clzsi2.o)
                0x000000000000248e                __clzsi2
 .text.memcpy   0x00000000000024fc       0xd2 c:/mounriver/mounriver_studio/toolchain/risc-v embedded gcc/bin/../lib/gcc/riscv-none-embed/8.2.0/../../../../riscv-none-embed/lib/rv32ecxw/ilp32e\libg_nano.a(lib_a-memcpy.o)
                0x00000000000024fc                memcpy
 *(.rodata)
 *(.rodata*)
 *fill*         0x00000000000025ce        0x2 
 .rodata.main.cst4
                0x00000000000025d0        0x8 ./User/main.o
 .rodata.ds18b20_read_temperature.cst4
                0x00000000000025d8        0x4 ./HAL/DS18B20_HAL/DS18B20_HAL.o
 .rodata.__divsf3
                0x00000000000025dc       0x80 c:/mounriver/mounriver_studio/toolchain/risc-v embedded gcc/bin/../lib/gcc/riscv-none-embed/8.2.0/rv32ecxw/ilp32e\libgcc.a(divsf3.o)
 .rodata.__mulsf3
                0x000000000000265c       0x40 c:/mounriver/mounriver_studio/toolchain/risc-v embedded gcc/bin/../lib/gcc/riscv-none-embed/8.2.0/rv32ecxw/ilp32e\libgcc.a(mulsf3.o)
 .rodata.__clz_tab
                0x000000000000269c      0x100 c:/mounriver/mounriver_studio/toolchain/risc-v embedded gcc/bin/../lib/gcc/riscv-none-embed/8.2.0/rv32ecxw/ilp32e\libgcc.a(_clz.o)
                0x000000000000269c                __clz_tab
 *(.gnu.linkonce.t.*)
                0x000000000000279c                . = ALIGN (0x4)

.rela.dyn       0x000000000000279c        0x0
 .rela.init     0x000000000000279c        0x0 ./User/ch32v00x_it.o
 .rela.text.handle_reset
                0x000000000000279c        0x0 ./User/ch32v00x_it.o

.fini           0x000000000000279c        0x0
 *(SORT_NONE(.fini))
                0x000000000000279c                . = ALIGN (0x4)
                [!provide]                        PROVIDE (_etext = .)
                [!provide]                        PROVIDE (_eitcm = .)

.preinit_array  0x000000000000279c        0x0
                [!provide]                        PROVIDE (__preinit_array_start = .)
 *(.preinit_array)
                [!provide]                        PROVIDE (__preinit_array_end = .)

.init_array     0x000000000000279c        0x0
                [!provide]                        PROVIDE (__init_array_start = .)
 *(SORT_BY_INIT_PRIORITY(.init_array.*) SORT_BY_INIT_PRIORITY(.ctors.*))
 *(.init_array EXCLUDE_FILE(*crtend?.o *crtend.o *crtbegin?.o *crtbegin.o) .ctors)
                [!provide]                        PROVIDE (__init_array_end = .)

.fini_array     0x000000000000279c        0x0
                [!provide]                        PROVIDE (__fini_array_start = .)
 *(SORT_BY_INIT_PRIORITY(.fini_array.*) SORT_BY_INIT_PRIORITY(.dtors.*))
 *(.fini_array EXCLUDE_FILE(*crtend?.o *crtend.o *crtbegin?.o *crtbegin.o) .dtors)
                [!provide]                        PROVIDE (__fini_array_end = .)

.ctors
 *crtbegin.o(.ctors)
 *crtbegin?.o(.ctors)
 *(EXCLUDE_FILE(*crtend?.o *crtend.o) .ctors)
 *(SORT_BY_NAME(.ctors.*))
 *(.ctors)

.dtors
 *crtbegin.o(.dtors)
 *crtbegin?.o(.dtors)
 *(EXCLUDE_FILE(*crtend?.o *crtend.o) .dtors)
 *(SORT_BY_NAME(.dtors.*))
 *(.dtors)

.dalign         0x0000000020000000        0x0 load address 0x000000000000279c
                0x0000000020000000                . = ALIGN (0x4)
                0x0000000020000000                PROVIDE (_data_vma = .)

.dlalign        0x000000000000279c        0x0
                0x000000000000279c                . = ALIGN (0x4)
                0x000000000000279c                PROVIDE (_data_lma = .)

.data           0x0000000020000000       0x40 load address 0x000000000000279c
                0x0000000020000000                . = ALIGN (0x4)
 *(.gnu.linkonce.r.*)
 *(.data .data.*)
 .data.Device_Address
                0x0000000020000000        0x1 ./User/main.o
                0x0000000020000000                Device_Address
 *fill*         0x0000000020000001        0x3 
 .data.AHBPrescTable
                0x0000000020000004       0x10 ./User/system_ch32v00x.o
                0x0000000020000004                AHBPrescTable
 .data.SystemCoreClock
                0x0000000020000014        0x4 ./User/system_ch32v00x.o
                0x0000000020000014                SystemCoreClock
 .data.ADCPrescTable
                0x0000000020000018       0x14 ./Peripheral/src/ch32v00x_rcc.o
 .data.APBAHBPrescTable
                0x000000002000002c       0x10 ./Peripheral/src/ch32v00x_rcc.o
 *(.gnu.linkonce.d.*)
                0x0000000020000040                . = ALIGN (0x8)
 *fill*         0x000000002000003c        0x4 
                0x0000000020000840                PROVIDE (__global_pointer$ = (. + 0x800))
 *(.sdata .sdata.*)
 *(.sdata2*)
 *(.gnu.linkonce.s.*)
                0x0000000020000040                . = ALIGN (0x8)
 *(.srodata.cst16)
 *(.srodata.cst8)
 *(.srodata.cst4)
 *(.srodata.cst2)
 *(.srodata .srodata.*)
                0x0000000020000040                . = ALIGN (0x4)
                0x0000000020000040                PROVIDE (_edata = .)

.bss            0x0000000020000040      0x15c load address 0x00000000000027dc
                0x0000000020000040                . = ALIGN (0x4)
                0x0000000020000040                PROVIDE (_sbss = .)
 *(.sbss*)
 *(.gnu.linkonce.sb.*)
 *(.bss*)
 .bss.RS485_Conf
                0x0000000020000040       0x24 ./User/main.o
                0x0000000020000040                RS485_Conf
 .bss.Rx_buffer
                0x0000000020000064       0xfc ./User/main.o
                0x0000000020000064                Rx_buffer
 .bss.Rx_size   0x0000000020000160        0x1 ./User/main.o
                0x0000000020000160                Rx_size
 .bss.Rxfinish_FLag
                0x0000000020000161        0x1 ./User/main.o
                0x0000000020000161                Rxfinish_FLag
 *fill*         0x0000000020000162        0x6 
 .bss.addrs     0x0000000020000168        0x8 ./User/main.o
                0x0000000020000168                addrs
 .bss.humi      0x0000000020000170        0x2 ./User/main.o
                0x0000000020000170                humi
 *fill*         0x0000000020000172        0x2 
 .bss.sensor_count
                0x0000000020000174        0x4 ./User/main.o
                0x0000000020000174                sensor_count
 .bss.temp      0x0000000020000178        0x2 ./User/main.o
                0x0000000020000178                temp
 *fill*         0x000000002000017a        0x2 
 .bss.temps     0x000000002000017c        0x4 ./User/main.o
                0x000000002000017c                temps
 .bss.NVIC_Priority_Group
                0x0000000020000180        0x4 ./Peripheral/src/ch32v00x_misc.o
                0x0000000020000180                NVIC_Priority_Group
 .bss.crc       0x0000000020000184        0x2 ./HAL/RS485_SLAVE_HAL/RS485_SLAVE_HAL.o
                0x0000000020000184                crc
 *fill*         0x0000000020000186        0x2 
 .bss.conf      0x0000000020000188        0x4 ./HAL/RS485_HAL/RS485_HAL.o
 .bss.LastFamilyDiscrepancy
                0x000000002000018c        0x1 ./HAL/ONEWIRE_HAL/ONEWIRE_HAL.o
                0x000000002000018c                LastFamilyDiscrepancy
 *fill*         0x000000002000018d        0x3 
 .bss.onewire_config
                0x0000000020000190        0x8 ./HAL/ONEWIRE_HAL/ONEWIRE_HAL.o
                0x0000000020000190                onewire_config
 .bss.p_ms      0x0000000020000198        0x2 ./Debug/debug.o
 .bss.p_us      0x000000002000019a        0x1 ./Debug/debug.o
 *(.gnu.linkonce.b.*)
 *(COMMON*)
                0x000000002000019c                . = ALIGN (0x4)
 *fill*         0x000000002000019b        0x1 
                0x000000002000019c                PROVIDE (_ebss = .)
                0x000000002000019c                PROVIDE (_end = _ebss)
                [!provide]                        PROVIDE (end = .)

.stack          0x0000000020000700      0x100
                0x0000000020000700                PROVIDE (_heap_end = .)
                0x0000000020000700                . = ALIGN (0x4)
                [!provide]                        PROVIDE (_susrstack = .)
                0x0000000020000800                . = (. + __stack_size)
 *fill*         0x0000000020000700      0x100 
                0x0000000020000800                PROVIDE (_eusrstack = .)
OUTPUT(Soil_sensor_board.elf elf32-littleriscv)

.debug_info     0x0000000000000000    0x119dc
 .debug_info    0x0000000000000000      0x962 ./User/ch32v00x_it.o
 .debug_info    0x0000000000000962     0x1b91 ./User/main.o
 .debug_info    0x00000000000024f3      0xc94 ./User/system_ch32v00x.o
 .debug_info    0x0000000000003187       0x22 ./Startup/startup_ch32v00x.o
 .debug_info    0x00000000000031a9     0x1526 ./Peripheral/src/ch32v00x_adc.o
 .debug_info    0x00000000000046cf     0x103a ./Peripheral/src/ch32v00x_gpio.o
 .debug_info    0x0000000000005709      0xdca ./Peripheral/src/ch32v00x_misc.o
 .debug_info    0x00000000000064d3      0xe7f ./Peripheral/src/ch32v00x_pwr.o
 .debug_info    0x0000000000007352     0x108c ./Peripheral/src/ch32v00x_rcc.o
 .debug_info    0x00000000000083de     0x297f ./Peripheral/src/ch32v00x_tim.o
 .debug_info    0x000000000000ad5d     0x1351 ./Peripheral/src/ch32v00x_usart.o
 .debug_info    0x000000000000c0ae      0xbd6 ./HAL/RS485_SLAVE_HAL/RS485_SLAVE_HAL.o
 .debug_info    0x000000000000cc84     0x13b9 ./HAL/RS485_HAL/RS485_HAL.o
 .debug_info    0x000000000000e03d     0x1626 ./HAL/ONEWIRE_HAL/ONEWIRE_HAL.o
 .debug_info    0x000000000000f663     0x1442 ./HAL/DS18B20_HAL/DS18B20_HAL.o
 .debug_info    0x0000000000010aa5      0xf37 ./Debug/debug.o

.debug_abbrev   0x0000000000000000     0x2fec
 .debug_abbrev  0x0000000000000000      0x1cf ./User/ch32v00x_it.o
 .debug_abbrev  0x00000000000001cf      0x337 ./User/main.o
 .debug_abbrev  0x0000000000000506      0x2ee ./User/system_ch32v00x.o
 .debug_abbrev  0x00000000000007f4       0x12 ./Startup/startup_ch32v00x.o
 .debug_abbrev  0x0000000000000806      0x307 ./Peripheral/src/ch32v00x_adc.o
 .debug_abbrev  0x0000000000000b0d      0x309 ./Peripheral/src/ch32v00x_gpio.o
 .debug_abbrev  0x0000000000000e16      0x2ea ./Peripheral/src/ch32v00x_misc.o
 .debug_abbrev  0x0000000000001100      0x34a ./Peripheral/src/ch32v00x_pwr.o
 .debug_abbrev  0x000000000000144a      0x389 ./Peripheral/src/ch32v00x_rcc.o
 .debug_abbrev  0x00000000000017d3      0x408 ./Peripheral/src/ch32v00x_tim.o
 .debug_abbrev  0x0000000000001bdb      0x323 ./Peripheral/src/ch32v00x_usart.o
 .debug_abbrev  0x0000000000001efe      0x317 ./HAL/RS485_SLAVE_HAL/RS485_SLAVE_HAL.o
 .debug_abbrev  0x0000000000002215      0x2a7 ./HAL/RS485_HAL/RS485_HAL.o
 .debug_abbrev  0x00000000000024bc      0x492 ./HAL/ONEWIRE_HAL/ONEWIRE_HAL.o
 .debug_abbrev  0x000000000000294e      0x38f ./HAL/DS18B20_HAL/DS18B20_HAL.o
 .debug_abbrev  0x0000000000002cdd      0x30f ./Debug/debug.o

.debug_aranges  0x0000000000000000      0x9f0
 .debug_aranges
                0x0000000000000000       0x28 ./User/ch32v00x_it.o
 .debug_aranges
                0x0000000000000028       0x38 ./User/main.o
 .debug_aranges
                0x0000000000000060       0x28 ./User/system_ch32v00x.o
 .debug_aranges
                0x0000000000000088       0x30 ./Startup/startup_ch32v00x.o
 .debug_aranges
                0x00000000000000b8      0x138 ./Peripheral/src/ch32v00x_adc.o
 .debug_aranges
                0x00000000000001f0       0x98 ./Peripheral/src/ch32v00x_gpio.o
 .debug_aranges
                0x0000000000000288       0x28 ./Peripheral/src/ch32v00x_misc.o
 .debug_aranges
                0x00000000000002b0       0x58 ./Peripheral/src/ch32v00x_pwr.o
 .debug_aranges
                0x0000000000000308       0xe0 ./Peripheral/src/ch32v00x_rcc.o
 .debug_aranges
                0x00000000000003e8      0x2d8 ./Peripheral/src/ch32v00x_tim.o
 .debug_aranges
                0x00000000000006c0      0x100 ./Peripheral/src/ch32v00x_usart.o
 .debug_aranges
                0x00000000000007c0       0x30 ./HAL/RS485_SLAVE_HAL/RS485_SLAVE_HAL.o
 .debug_aranges
                0x00000000000007f0       0x50 ./HAL/RS485_HAL/RS485_HAL.o
 .debug_aranges
                0x0000000000000840       0xc8 ./HAL/ONEWIRE_HAL/ONEWIRE_HAL.o
 .debug_aranges
                0x0000000000000908       0x98 ./HAL/DS18B20_HAL/DS18B20_HAL.o
 .debug_aranges
                0x00000000000009a0       0x50 ./Debug/debug.o

.debug_ranges   0x0000000000000000      0xbf8
 .debug_ranges  0x0000000000000000       0x18 ./User/ch32v00x_it.o
 .debug_ranges  0x0000000000000018       0xc0 ./User/main.o
 .debug_ranges  0x00000000000000d8       0x50 ./User/system_ch32v00x.o
 .debug_ranges  0x0000000000000128       0x28 ./Startup/startup_ch32v00x.o
 .debug_ranges  0x0000000000000150      0x128 ./Peripheral/src/ch32v00x_adc.o
 .debug_ranges  0x0000000000000278       0x88 ./Peripheral/src/ch32v00x_gpio.o
 .debug_ranges  0x0000000000000300       0x48 ./Peripheral/src/ch32v00x_misc.o
 .debug_ranges  0x0000000000000348       0x88 ./Peripheral/src/ch32v00x_pwr.o
 .debug_ranges  0x00000000000003d0       0xd0 ./Peripheral/src/ch32v00x_rcc.o
 .debug_ranges  0x00000000000004a0      0x2f8 ./Peripheral/src/ch32v00x_tim.o
 .debug_ranges  0x0000000000000798       0xf0 ./Peripheral/src/ch32v00x_usart.o
 .debug_ranges  0x0000000000000888       0x88 ./HAL/RS485_SLAVE_HAL/RS485_SLAVE_HAL.o
 .debug_ranges  0x0000000000000910       0x40 ./HAL/RS485_HAL/RS485_HAL.o
 .debug_ranges  0x0000000000000950      0x1a8 ./HAL/ONEWIRE_HAL/ONEWIRE_HAL.o
 .debug_ranges  0x0000000000000af8       0xc0 ./HAL/DS18B20_HAL/DS18B20_HAL.o
 .debug_ranges  0x0000000000000bb8       0x40 ./Debug/debug.o

.debug_line     0x0000000000000000     0xd148
 .debug_line    0x0000000000000000      0x259 ./User/ch32v00x_it.o
 .debug_line    0x0000000000000259     0x1246 ./User/main.o
 .debug_line    0x000000000000149f      0x72e ./User/system_ch32v00x.o
 .debug_line    0x0000000000001bcd      0x112 ./Startup/startup_ch32v00x.o
 .debug_line    0x0000000000001cdf     0x149a ./Peripheral/src/ch32v00x_adc.o
 .debug_line    0x0000000000003179      0xd79 ./Peripheral/src/ch32v00x_gpio.o
 .debug_line    0x0000000000003ef2      0x435 ./Peripheral/src/ch32v00x_misc.o
 .debug_line    0x0000000000004327      0x6b1 ./Peripheral/src/ch32v00x_pwr.o
 .debug_line    0x00000000000049d8      0xe4e ./Peripheral/src/ch32v00x_rcc.o
 .debug_line    0x0000000000005826     0x30b7 ./Peripheral/src/ch32v00x_tim.o
 .debug_line    0x00000000000088dd      0xf66 ./Peripheral/src/ch32v00x_usart.o
 .debug_line    0x0000000000009843      0x59a ./HAL/RS485_SLAVE_HAL/RS485_SLAVE_HAL.o
 .debug_line    0x0000000000009ddd      0xc71 ./HAL/RS485_HAL/RS485_HAL.o
 .debug_line    0x000000000000aa4e     0x12b5 ./HAL/ONEWIRE_HAL/ONEWIRE_HAL.o
 .debug_line    0x000000000000bd03      0xc76 ./HAL/DS18B20_HAL/DS18B20_HAL.o
 .debug_line    0x000000000000c979      0x7cf ./Debug/debug.o

.debug_str      0x0000000000000000     0x312d
 .debug_str     0x0000000000000000      0x556 ./User/ch32v00x_it.o
                                        0x5d2 (size before relaxing)
 .debug_str     0x0000000000000556      0xaed ./User/main.o
                                       0x10d6 (size before relaxing)
 .debug_str     0x0000000000001043      0x126 ./User/system_ch32v00x.o
                                        0x76a (size before relaxing)
 .debug_str     0x0000000000001169       0x2a ./Startup/startup_ch32v00x.o
                                         0x80 (size before relaxing)
 .debug_str     0x0000000000001193      0x34d ./Peripheral/src/ch32v00x_adc.o
                                        0xba6 (size before relaxing)
 .debug_str     0x00000000000014e0      0x1b7 ./Peripheral/src/ch32v00x_gpio.o
                                        0x965 (size before relaxing)
 .debug_str     0x0000000000001697      0x2f5 ./Peripheral/src/ch32v00x_misc.o
                                        0x927 (size before relaxing)
 .debug_str     0x000000000000198c      0x105 ./Peripheral/src/ch32v00x_pwr.o
                                        0x7fc (size before relaxing)
 .debug_str     0x0000000000001a91      0x26b ./Peripheral/src/ch32v00x_rcc.o
                                        0x9cd (size before relaxing)
 .debug_str     0x0000000000001cfc      0x959 ./Peripheral/src/ch32v00x_tim.o
                                       0x1287 (size before relaxing)
 .debug_str     0x0000000000002655      0x409 ./Peripheral/src/ch32v00x_usart.o
                                        0xb1c (size before relaxing)
 .debug_str     0x0000000000002a5e       0x9e ./HAL/RS485_SLAVE_HAL/RS485_SLAVE_HAL.o
                                        0x697 (size before relaxing)
 .debug_str     0x0000000000002afc       0x73 ./HAL/RS485_HAL/RS485_HAL.o
                                        0xc33 (size before relaxing)
 .debug_str     0x0000000000002b6f      0x2fb ./HAL/ONEWIRE_HAL/ONEWIRE_HAL.o
                                        0xad7 (size before relaxing)
 .debug_str     0x0000000000002e6a      0x247 ./HAL/DS18B20_HAL/DS18B20_HAL.o
                                        0x9df (size before relaxing)
 .debug_str     0x00000000000030b1       0x7c ./Debug/debug.o
                                        0x923 (size before relaxing)

.comment        0x0000000000000000       0x33
 .comment       0x0000000000000000       0x33 ./User/ch32v00x_it.o
                                         0x34 (size before relaxing)
 .comment       0x0000000000000033       0x34 ./User/main.o
 .comment       0x0000000000000033       0x34 ./User/system_ch32v00x.o
 .comment       0x0000000000000033       0x34 ./Peripheral/src/ch32v00x_adc.o
 .comment       0x0000000000000033       0x34 ./Peripheral/src/ch32v00x_gpio.o
 .comment       0x0000000000000033       0x34 ./Peripheral/src/ch32v00x_misc.o
 .comment       0x0000000000000033       0x34 ./Peripheral/src/ch32v00x_pwr.o
 .comment       0x0000000000000033       0x34 ./Peripheral/src/ch32v00x_rcc.o
 .comment       0x0000000000000033       0x34 ./Peripheral/src/ch32v00x_tim.o
 .comment       0x0000000000000033       0x34 ./Peripheral/src/ch32v00x_usart.o
 .comment       0x0000000000000033       0x34 ./HAL/RS485_SLAVE_HAL/RS485_SLAVE_HAL.o
 .comment       0x0000000000000033       0x34 ./HAL/RS485_HAL/RS485_HAL.o
 .comment       0x0000000000000033       0x34 ./HAL/ONEWIRE_HAL/ONEWIRE_HAL.o
 .comment       0x0000000000000033       0x34 ./HAL/DS18B20_HAL/DS18B20_HAL.o
 .comment       0x0000000000000033       0x34 ./Debug/debug.o

.debug_frame    0x0000000000000000     0x18a4
 .debug_frame   0x0000000000000000       0x30 ./User/ch32v00x_it.o
 .debug_frame   0x0000000000000030       0xa8 ./User/main.o
 .debug_frame   0x00000000000000d8       0x58 ./User/system_ch32v00x.o
 .debug_frame   0x0000000000000130      0x26c ./Peripheral/src/ch32v00x_adc.o
 .debug_frame   0x000000000000039c      0x150 ./Peripheral/src/ch32v00x_gpio.o
 .debug_frame   0x00000000000004ec       0x30 ./Peripheral/src/ch32v00x_misc.o
 .debug_frame   0x000000000000051c       0xa4 ./Peripheral/src/ch32v00x_pwr.o
 .debug_frame   0x00000000000005c0      0x1dc ./Peripheral/src/ch32v00x_rcc.o
 .debug_frame   0x000000000000079c      0x624 ./Peripheral/src/ch32v00x_tim.o
 .debug_frame   0x0000000000000dc0      0x204 ./Peripheral/src/ch32v00x_usart.o
 .debug_frame   0x0000000000000fc4       0x78 ./HAL/RS485_SLAVE_HAL/RS485_SLAVE_HAL.o
 .debug_frame   0x000000000000103c       0xf0 ./HAL/RS485_HAL/RS485_HAL.o
 .debug_frame   0x000000000000112c      0x2c0 ./HAL/ONEWIRE_HAL/ONEWIRE_HAL.o
 .debug_frame   0x00000000000013ec      0x270 ./HAL/DS18B20_HAL/DS18B20_HAL.o
 .debug_frame   0x000000000000165c       0xe4 ./Debug/debug.o
 .debug_frame   0x0000000000001740       0x38 c:/mounriver/mounriver_studio/toolchain/risc-v embedded gcc/bin/../lib/gcc/riscv-none-embed/8.2.0/rv32ecxw/ilp32e\libgcc.a(divsf3.o)
 .debug_frame   0x0000000000001778       0x38 c:/mounriver/mounriver_studio/toolchain/risc-v embedded gcc/bin/../lib/gcc/riscv-none-embed/8.2.0/rv32ecxw/ilp32e\libgcc.a(mulsf3.o)
 .debug_frame   0x00000000000017b0       0x20 c:/mounriver/mounriver_studio/toolchain/risc-v embedded gcc/bin/../lib/gcc/riscv-none-embed/8.2.0/rv32ecxw/ilp32e\libgcc.a(fixunssfsi.o)
 .debug_frame   0x00000000000017d0       0x38 c:/mounriver/mounriver_studio/toolchain/risc-v embedded gcc/bin/../lib/gcc/riscv-none-embed/8.2.0/rv32ecxw/ilp32e\libgcc.a(floatsisf.o)
 .debug_frame   0x0000000000001808       0x44 c:/mounriver/mounriver_studio/toolchain/risc-v embedded gcc/bin/../lib/gcc/riscv-none-embed/8.2.0/rv32ecxw/ilp32e\libgcc.a(floatunsisf.o)
 .debug_frame   0x000000000000184c       0x20 c:/mounriver/mounriver_studio/toolchain/risc-v embedded gcc/bin/../lib/gcc/riscv-none-embed/8.2.0/rv32ecxw/ilp32e\libgcc.a(_clzsi2.o)
 .debug_frame   0x000000000000186c       0x38 c:/mounriver/mounriver_studio/toolchain/risc-v embedded gcc/bin/../lib/gcc/riscv-none-embed/8.2.0/../../../../riscv-none-embed/lib/rv32ecxw/ilp32e\libg_nano.a(lib_a-memcpy.o)

.debug_loc      0x0000000000000000     0x5256
 .debug_loc     0x0000000000000000      0x25f ./User/main.o
 .debug_loc     0x000000000000025f       0x55 ./User/system_ch32v00x.o
 .debug_loc     0x00000000000002b4      0x9fa ./Peripheral/src/ch32v00x_adc.o
 .debug_loc     0x0000000000000cae      0x6cf ./Peripheral/src/ch32v00x_gpio.o
 .debug_loc     0x000000000000137d       0x2d ./Peripheral/src/ch32v00x_misc.o
 .debug_loc     0x00000000000013aa      0x12a ./Peripheral/src/ch32v00x_pwr.o
 .debug_loc     0x00000000000014d4      0x5d8 ./Peripheral/src/ch32v00x_rcc.o
 .debug_loc     0x0000000000001aac     0x1936 ./Peripheral/src/ch32v00x_tim.o
 .debug_loc     0x00000000000033e2      0x735 ./Peripheral/src/ch32v00x_usart.o
 .debug_loc     0x0000000000003b17      0x264 ./HAL/RS485_SLAVE_HAL/RS485_SLAVE_HAL.o
 .debug_loc     0x0000000000003d7b      0x180 ./HAL/RS485_HAL/RS485_HAL.o
 .debug_loc     0x0000000000003efb      0x9a8 ./HAL/ONEWIRE_HAL/ONEWIRE_HAL.o
 .debug_loc     0x00000000000048a3      0x817 ./HAL/DS18B20_HAL/DS18B20_HAL.o
 .debug_loc     0x00000000000050ba      0x19c ./Debug/debug.o
